# 本地测试环境部署（WINDOWS）
Microsoft Windows [版本 10.0.14393]
(c) 2016 Microsoft Corporation。保留所有权利。

  根据网友的反应，需要注意的是Ruby的版本和RubyDevKit的版本要对应，不要装错； 
另外，目前新版的Ruby自带gem了，所以gem安装可以跳过；  
由于国内的网络（你们懂的），gem官方的源基本上是没法用了，参考文中的链接，使用淘宝的镜像比较靠谱；
jekyll有一个问题，可能需要修改下面这个文件，否则会出现GBK错误  
```
D:\Ruby193\lib\ruby\gems\1.9.1\gems\jekyll-1.2.1\lib\jekyll\convertible.rb 将它改成 self.content = File.read(File.join(base, name),:encoding => “utf-8”) D:\Ruby193\lib\ruby\gems\1.9.1\gems\jekyll-1.2.1\lib\jekyll\tags\include.rb中的最后几行的地方改成 File.read_with_options(file,:encoding => “utf-8”)
```
GBK错误也可以通过在`_config.yml`中添加配置`encoding: utf-8`修复 最新的jekyll修改了命令行参数，需使用如下命令行 `jekyll serve –safe –watch`    
 jekyll 1.4.3在windows下本地生成的时候可能会出现`fileutils.rb:247:in mkdir Invalid argument`的错误，详见`Jekyll 1.4.3 mkdir Invalid argument`  
 jekyll 1.4.3在`–watch`参数的情况下可能会出现`cannot load such file -- wdm (LoadError)`的错误，用gem安装wdm就好了： `gem install wdm`  

## Ruby安装
[Rubyinstaller安装](http://rubyinstaller.org/downloads/) [ruby安装说明](http://www.ruby-lang.org/zh_cn/downloads/)  

## RubyDevKit安装
从[这里](http://rubyinstaller.org/downloads/)下载DevKit，注意版本要与`Ruby`版本一致

下载下来的是一个很有意思的`sfx`文件，如果你安装有`7-zip`，可以直接双击，它会自解压到你所选择的目录。

解压完成之后，用`cmd`进入到刚才解压的目录下，运行下面命令，该命令会生成`config.yml`。（这种安装方式让我想起了，linux下安装三步走`config->make->make install`中的config）  
```
$ruby dk.rb init
```
最后，执行如下命令，执行安装：  
```
$ruby setup.rb
```
如果没有setup.rb的话，执行： 
```
$ruby dk.rb install
```
  
## Rubygems安装
[gems下载地址](http://rubyforge.org/frs/?group_id=126)  
其实ruby默认已经安装了gem
 
C:\Users\qxx>gem update --system
Updating rubygems-update
Fetching: rubygems-update-2.6.12.gem (100%)
Successfully installed rubygems-update-2.6.12
Parsing documentation for rubygems-update-2.6.12
Installing ri documentation for rubygems-update-2.6.12
Installing darkfish documentation for rubygems-update-2.6.12
Done installing documentation for rubygems-update after 37 seconds
Parsing documentation for rubygems-update-2.6.12
Done installing documentation for rubygems-update after 0 seconds
Installing RubyGems 2.6.12
RubyGems 2.6.12 installed
Parsing documentation for rubygems-2.6.12
Installing ri documentation for rubygems-2.6.12

=== 2.6.12 / 2017-04-30

Bug fixes:

* Fix test_self_find_files_with_gemfile to sort expected files. Pull
  request #1880 by Kazuaki Matsuo.
* Fix issue for MinGW / MSYS2 builds and testing. Pull request #1879 by
  MSP-Greg.
* Fix gem open to open highest version number rather than lowest. Pull
  request #1877 by Tim Pope.
* Add a test for requiring a default spec as installed by the ruby
  installer. Pull request #1899 by Samuel Giddins.
* Fix broken --exact parameter to gem command. Pull request #1873 by Jason
  Frey.
* [Installer] Generate backwards-compatible binstubs. Pull request #1904
  by Samuel Giddins.
* Fix pre-existing source recognition on add action. Pull request #1883 by
  Jonathan Claudius.
* Prevent negative IDs in output of #inspect. Pull request #1908 by Vít
  Ondruch.
* Allow Gem.finish_resolve to respect already-activated specs. Pull
  request #1910 by Samuel Giddins.

=== 2.6.11 / 2017-03-16

Bug fixes:

* Fixed broken tests on ruby-head. Pull request #1841 by
  SHIBATA Hiroshi.
* Update vendored Molinillo to 0.5.7. Pull request #1859 by Samuel
  Giddins.
* Avoid activating Ruby 2.5 default gems when possible. Pull request #1843
  by Samuel Giddins.
* Use improved resolver sorting algorithm. Pull request #1856 by
  Samuel Giddins.

=== 2.6.10 / 2017-01-23

Bug fixes:

* Fix `require` calling the wrong `gem` method when it is overridden.
  Pull request #1822 by Samuel Giddins.

=== 2.6.9 / 2017-01-20

Bug fixes:

* Allow initializing versions with empty strings. Pull request #1767 by
  Luis Sagastume.
* Fix TypeError on 2.4. Pull request #1788 by Nobuyoshi Nakada.
* Don't output mkmf.log message if compilation didn't fail. Pull request
  #1808 by Jeremy Evans.
* Fixed broken links and overzealous URL encoding in gem server. Pull
  request #1809 by Nicole Orchard.
* Update vendored Molinillo to 0.5.5. Pull request #1812 by Samuel
  Giddins.
* RakeBuilder: avoid frozen string issue. Pull request #1819 by Olle
  Jonsson.

=== 2.6.8 / 2016-10-29

Bug fixes:

* Improve SSL verification failure message. Pull request #1751
  by Eric Hodel.
* Ensure `to_spec` falls back on prerelease specs. Pull request
  #1755 by André Arko.
* Update vendored Molinillo to 0.5.3. Pull request #1763 by
  Samuel Giddins.

=== 2.6.7 / 2016-09-26

Bug fixes:

* Install native extensions in the correct location when using the
  `--user-install` flag. Pull request #1683 by Noah Kantrowitz.
* When calling `Gem.sources`, load sources from `configuration`
  if present, else use the default sources. Pull request #1699
  by Luis Sagastume.
* Fail gracefully when attempting to redirect without a Location.
  Pull request #1711 by Samuel Giddins.
* Update vendored Molinillo to 0.5.1. Pull request #1714 by
  Samuel Giddins.

=== 2.6.6 / 2016-06-22

Bug fixes:

* Sort installed versions to make sure we install the latest version when
  running `gem update --system`. As a one-time fix, run
  `gem update --system=2.6.6`. Pull request #1601 by David Radcliffe.

=== 2.6.5 / 2016-06-21

Minor enhancements:

* Support for unified Integer in Ruby 2.4. Pull request #1618
  by SHIBATA Hiroshi.
* Update vendored Molinillo to 0.5.0 for performance improvements.
  Pull request #1638 by Samuel Giddins.

Bug fixes:

* Raise an explicit error if Signer#sign is called with no certs. Pull
  request #1605 by Daniel Berger.
* Update `update_bundled_ca_certificates` utility script for directory
  nesting. Pull request #1583 by James Wen.
* Fix broken symlink support in tar writer (+ fix broken test). Pull
  request #1578 by Cezary Baginski.
* Remove extension directory before (re-)installing. Pull request #1576
  by Jeremy Hinegardner.
* Regenerate test CA certificates with appropriate extensions. Pull
  request #1611 by rhenium.
* Rubygems does not terminate on failed file lock when not superuser. Pull
  request #1582 by Ellen Marie Dash.
* Fix tar headers with a 101 character name. Pull request #1612 by Paweł
  Tomulik.
* Add Gem.platform_defaults to allow implementations to override defaults.
  Pull request #1644 by Charles Oliver Nutter.
* Run Bundler tests on TravisCI. Pull request #1650 by Samuel Giddins.

=== 2.6.4 / 2016-04-26

Minor enhancements:

* Use Gem::Util::NULL_DEVICE instead of hard coded strings. Pull request #1588
  by Chris Charabaruk.
* Use File.symlink on MS Windows if supported. Pull request #1418
  by Nobuyoshi Nakada.

Bug fixes:

* Redact uri password from error output when gem fetch fails. Pull request
  #1565 by Brian Fletcher.
* Suppress warnings. Pull request #1594 by Nobuyoshi Nakada.
* Escape user-supplied content served on web pages by `gem server` to avoid
  potential XSS vulnerabilities. Samuel Giddins.

=== 2.6.3 / 2016-04-05

Minor enhancements:

* Lazily calculate Gem::LoadError exception messages. Pull request #1550
  by Aaron Patterson.
* New fastly cert. Pull request #1548 by David Radcliffe.
* Organize and cleanup SSL certs. Pull request #1555 by James Wen.
* [RubyGems] Make deprecation message for paths= more helpful. Pull
  request #1562 by Samuel Giddins.
* Show default gems when using "gem list". Pull request #1570 by Luis
  Sagastume.

Bug fixes:

* Stub ordering should be consistent regardless of how cache is populated.
  Pull request #1552 by Aaron Patterson.
* Handle cases when the @@stubs variable contains non-stubs. Pull request
  #1558 by Per Lundberg.
* Fix test on Windows for inconsistent temp path. Pull request #1554 by
  Hiroshi Shirosaki.
* Fix `Gem.find_spec_for_exe` picks oldest gem. Pull request #1566 by
  Shinichi Maeshima.
* [Owner] Fallback to email and userid when owner email is missing. Pull
  request #1569 by Samuel Giddins.
* [Installer] Handle nil existing executable. Pull request #1561 by Samuel
  Giddins.
* Allow two digit version numbers in the tests. Pull request #1575 by unak.

=== 2.6.2 / 2016-03-12

Bug fixes:

* Fix wrong version of gem activation for bin stub. Pull request #1527 by
  Aaron Patterson.
* Speed up gem activation failures. Pull request #1539 by Aaron Patterson.
* Fix platform sorting in the resolver. Pull request #1542 by Samuel E.
  Giddins.
* Ensure we unlock the monitor even if try_activate throws. Pull request
  #1538 by Charles Oliver Nutter.


=== 2.6.1 / 2016-02-28

Bug fixes:

* Ensure `default_path` and `home` are set for paths. Pull request #1513
  by Aaron Patterson.
* Restore but deprecate support for Array values on `Gem.paths=`. Pull
  request #1514 by Aaron Patterson.
* Fix invalid gem file preventing gem install from working. Pull request
  #1499 by Luis Sagastume.

=== 2.6.0 / 2016-02-26

Minor enhancements:

* RubyGems now defaults the `gem push` to the gem's "allowed_push_host"
  metadata setting.  Pull request #1486 by Josh Lane.
* Update bundled Molinillo to 0.4.3. Pull request #1493 by Samuel E. Giddins.
* Add version option to gem open command. Pull request #1483 by Hrvoje
  Šimić.
* Feature/add silent flag. Pull request #1455 by Luis Sagastume.
* Allow specifying gem requirements via env variables. Pull request #1472
  by Samuel E. Giddins.

Bug fixes:

* RubyGems now stores `gem push` credentials under the host you signed-in for.
  Pull request #1485 by Josh Lane.
* Move `coding` location to first line. Pull request #1471 by SHIBATA
  Hiroshi.
* [PathSupport] Handle a regexp path separator. Pull request #1469 by
  Samuel E. Giddins.
* Clean up the PathSupport object. Pull request #1094 by Aaron Patterson.
* Join with File::PATH_SEPARATOR in Gem.use_paths. Pull request #1476 by
  Samuel E. Giddins.
* Handle when the gem home and gem path arent set in the config file. Pull
  request #1478 by Samuel E. Giddins.
* Terminate TimeoutHandler. Pull request #1479 by Nobuyoshi Nakada.
* Remove redundant cache. Pull request #1482 by Eileen M. Uchitelle.
* Freeze `Gem::Version@segments` instance variable. Pull request #1487 by
  Ben Dean.
* Gem cleanup is trying to uninstall gems outside GEM_HOME and reporting
  an error after it tries. Pull request #1353 by Luis Sagastume.
* Avoid duplicated sources. Pull request #1489 by Luis Sagastume.
* Better description for quiet flag. Pull request #1491 by Luis Sagastume.
* Raise error if find_by_name returns with nil. Pull request #1494 by
  Zoltán Hegedüs.
* Find_files only from loaded_gems when using gemdeps. Pull request #1277
  by Michal Papis.

=== 2.5.2 / 2016-01-31

Bug fixes:

* Fix memoization of Gem::Version#prerelease? Pull request #1125 by Matijs van
  Zuijlen.
* Handle trailing colons in GEM_PATH, by Damien Robert.
* Improve the Gemfile `gemspec` method, fixing #1204 and #1033. Pull request
  #1276 by Michael Papis.
* Warn only once when a gemspec license is invalid. Pull request #1414 by Samuel
  E. Giddins.
* Check for exact constants before using them, fixing Ruby bug #11940. Pull
  request #1438 by Nobuyoshi Nakada.
* Fix building C extensions on Ruby 1.9.x on Windows. Pull request #1453 by Marie
  Markwell.
* Handle symlinks containing ".." correctly. Pull request #1457 by Samuel E.
  Giddins.

Minor enhancements:

* Add `--no-rc` flag, which skips loading `.gemrc`. Pull request #1329 by Luis
  Sagastume.
* Allow basic auth to be excluded from `allowed_push_host`. By Josh Lane.
* Add `gem list --exact`, which finds gems by string match instead of regex. Pull
  request #1344 by Luis Sagastume.
* Suggest alternatives when gem license is unknown. Pull request #1443 by Samuel
  E. Giddins.
* Print a useful error if a binstub expects a newer version of a gem than is
  installed. Pull request #1407 by Samuel E. Giddins.
* Allow the (supported) s3:// scheme to be used with `--source`. Pull request
  #1416 by Dave Adams.
* Add `--[no-]post-install-message` to `install` and `update`. Pull request #1162
  by Josef Šimánek.
* Add `--host` option to `yank`, providing symmetry with `pull`. Pull request
  #1361 by Mike Virata-Stone.
* Update bundled Molinillo to 0.4.1. Pull request #1452 by Samuel E. Giddins.
* Allow calling `build` without '.gemspec'. Pull request #1454 by Stephen
  Blackstone.
* Add support for `source` option on gems in Gemfile. Pull request #1355 by
  Michael Papis.
* Function correctly when string literals are frozen on Ruby 2.3. Pull request
  #1408 by Samuel E. Giddins.


------------------------------------------------------------------------------

RubyGems installed the following executables:
        D:/Ruby23-x64/bin/gem

Ruby Interactive (ri) documentation was installed. ri is kind of like man
pages for ruby libraries. You may access it like this:
  ri Classname
  ri Classname.class_method
  ri Classname#instance_method
If you do not wish to install this documentation in the future, use the
--no-document flag, or set it as the default in your ~/.gemrc file. See
'gem help env' for details.

RubyGems system software updated

C:\Users\qxx>
C:\Users\qxx>gem install rubygems-update
Successfully installed rubygems-update-2.6.12
Parsing documentation for rubygems-update-2.6.12
Done installing documentation for rubygems-update after 0 seconds
1 gem installed

C:\Users\qxx>update_rubygems
RubyGems 2.6.12 installed
Parsing documentation for rubygems-2.6.12
Installing ri documentation for rubygems-2.6.12

=== 2.6.12 / 2017-04-30

Bug fixes:

* Fix test_self_find_files_with_gemfile to sort expected files. Pull
  request #1880 by Kazuaki Matsuo.
* Fix issue for MinGW / MSYS2 builds and testing. Pull request #1879 by
  MSP-Greg.
* Fix gem open to open highest version number rather than lowest. Pull
  request #1877 by Tim Pope.
* Add a test for requiring a default spec as installed by the ruby
  installer. Pull request #1899 by Samuel Giddins.
* Fix broken --exact parameter to gem command. Pull request #1873 by Jason
  Frey.
* [Installer] Generate backwards-compatible binstubs. Pull request #1904
  by Samuel Giddins.
* Fix pre-existing source recognition on add action. Pull request #1883 by
  Jonathan Claudius.
* Prevent negative IDs in output of #inspect. Pull request #1908 by Vít
  Ondruch.
* Allow Gem.finish_resolve to respect already-activated specs. Pull
  request #1910 by Samuel Giddins.


------------------------------------------------------------------------------

RubyGems installed the following executables:
        D:/Ruby23-x64/bin/gem

Ruby Interactive (ri) documentation was installed. ri is kind of like man
pages for ruby libraries. You may access it like this:
  ri Classname
  ri Classname.class_method
  ri Classname#instance_method
If you do not wish to install this documentation in the future, use the
--no-document flag, or set it as the default in your ~/.gemrc file. See
'gem help env' for details.

## 安装jekyll
jekyll依赖的组件会自动下载安装  

```
C:\Users\qxx>
C:\Users\qxx>gem install jekyll
Fetching: public_suffix-2.0.5.gem (100%)
Successfully installed public_suffix-2.0.5
Fetching: addressable-2.5.1.gem (100%)
Successfully installed addressable-2.5.1
Fetching: colorator-1.1.0.gem (100%)
Successfully installed colorator-1.1.0
Fetching: sass-3.4.23.gem (100%)
Successfully installed sass-3.4.23
Fetching: jekyll-sass-converter-1.5.0.gem (100%)
Successfully installed jekyll-sass-converter-1.5.0
Fetching: rb-fsevent-0.9.8.gem (100%)
Successfully installed rb-fsevent-0.9.8
Fetching: ffi-1.9.18-x64-mingw32.gem (100%)Fetching: ffi-1.9.18-x64-mingw32.gem
Successfully installed ffi-1.9.18-x64-mingw32
Fetching: rb-inotify-0.9.8.gem (100%)
Successfully installed rb-inotify-0.9.8
Fetching: listen-3.0.8.gem (100%)
Successfully installed listen-3.0.8
Fetching: jekyll-watch-1.5.0.gem (100%)
Successfully installed jekyll-watch-1.5.0
Fetching: kramdown-1.13.2.gem (100%)
Successfully installed kramdown-1.13.2
Fetching: liquid-3.0.6.gem (100%)
Successfully installed liquid-3.0.6
Fetching: mercenary-0.3.6.gem (100%)
Successfully installed mercenary-0.3.6
Fetching: forwardable-extended-2.6.0.gem (100%)
Successfully installed forwardable-extended-2.6.0
Fetching: pathutil-0.14.0.gem (100%)
Successfully installed pathutil-0.14.0
Fetching: rouge-1.11.1.gem (100%)
Successfully installed rouge-1.11.1
Fetching: safe_yaml-1.0.4.gem (100%)
Successfully installed safe_yaml-1.0.4
Fetching: jekyll-3.4.3.gem (100%)
Successfully installed jekyll-3.4.3
Parsing documentation for public_suffix-2.0.5
Installing ri documentation for public_suffix-2.0.5
Parsing documentation for addressable-2.5.1
Installing ri documentation for addressable-2.5.1
Parsing documentation for colorator-1.1.0
Installing ri documentation for colorator-1.1.0
Parsing documentation for sass-3.4.23
Installing ri documentation for sass-3.4.23
Parsing documentation for jekyll-sass-converter-1.5.0
Installing ri documentation for jekyll-sass-converter-1.5.0
Parsing documentation for rb-fsevent-0.9.8
Installing ri documentation for rb-fsevent-0.9.8
Parsing documentation for ffi-1.9.18-x64-mingw32
Installing ri documentation for ffi-1.9.18-x64-mingw32
Parsing documentation for rb-inotify-0.9.8
Installing ri documentation for rb-inotify-0.9.8
Parsing documentation for listen-3.0.8
Installing ri documentation for listen-3.0.8
Parsing documentation for jekyll-watch-1.5.0
Installing ri documentation for jekyll-watch-1.5.0
Parsing documentation for kramdown-1.13.2
Installing ri documentation for kramdown-1.13.2
Parsing documentation for liquid-3.0.6
Installing ri documentation for liquid-3.0.6
Parsing documentation for mercenary-0.3.6
Installing ri documentation for mercenary-0.3.6
Parsing documentation for forwardable-extended-2.6.0
Installing ri documentation for forwardable-extended-2.6.0
Parsing documentation for pathutil-0.14.0
Installing ri documentation for pathutil-0.14.0
Parsing documentation for rouge-1.11.1
Installing ri documentation for rouge-1.11.1
Parsing documentation for safe_yaml-1.0.4
Installing ri documentation for safe_yaml-1.0.4
Parsing documentation for jekyll-3.4.3
Installing ri documentation for jekyll-3.4.3
Done installing documentation for public_suffix, addressable, colorator, sass, jekyll-sass-converter, rb-fsevent, ffi, rb-inotify, listen, jekyll-watch, kramdown, liquid, mercenary, forwardable-extended, pathutil, rouge, safe_yaml, jekyll after 41 seconds
18 gems installed


C:\Users\qxx>gem install wdm
Fetching: wdm-0.1.1.gem (100%)
Temporarily enhancing PATH to include DevKit...
Building native extensions.  This could take a while...
Successfully installed wdm-0.1.1
Parsing documentation for wdm-0.1.1
Installing ri documentation for wdm-0.1.1
Done installing documentation for wdm after 0 seconds
1 gem installed


D:\work\git\jekyll-bootstrap>gem install bundler
Fetching: bundler-1.14.6.gem (100%)
Successfully installed bundler-1.14.6
Parsing documentation for bundler-1.14.6
Installing ri documentation for bundler-1.14.6
Done installing documentation for bundler after 16 seconds
1 gem installed

2.执行jekyll server命令后可能会出现如下错误

D:/Ruby23-x64/lib/ruby/gems/2.3.0/gems/bundler-1.14.3/lib/bundler/spec_set.rb:87:in `block in materialize: Could not find i18n-0.7.0 in any of the sources (Bundler::GemNotFound)

解决：执行以下命令

bundle install

D:\work\git\jekyll-bootstrap>gem install jekyll-sitemap
Successfully installed jekyll-sitemap-1.1.1
Parsing documentation for jekyll-sitemap-1.1.1
Done installing documentation for jekyll-sitemap after 0 seconds
1 gem installed

```

## 测试jekyll服务 
  
安装好之后就可以测试我们的环境了。用cmd进入到上一节我们创建的目录，执行下面命令：  

```
$jekyll serve --safe --watch

C:\Users\qxx>
C:\Users\qxx>jekyll serve --safe --watch
Configuration file: none
Configuration file: none
            Source: C:/Users/qxx
       Destination: C:/Users/qxx/_site
 Incremental build: disabled. Enable with --incremental
      Generating...
jekyll 3.4.3 | Error:  Permission denied @ rb_sysopen - C:/Users/qxx/NTUSER.DAT
```
  
然后以管理员用户打开cmd  

```
D:\work\git\edroplet.github.io>jekyll serve --safe --watch
Configuration file: D:/work/git/edroplet.github.io/_config.yml
  Dependency Error: Yikes! It looks like you don't have tzinfo or one of its dependencies installed. In order to use Jekyll as currently configured, you'll need to install this gem. The full error message from Ruby is: 'cannot load such file -- tzinfo' If you run into trouble, you can find helpful resources at https://jekyllrb.com/help/!
jekyll 3.4.3 | Error:  tzinfo

D:\work\git\edroplet.github.io>gem install tzinfo
Fetching: thread_safe-0.3.6.gem (100%)
Successfully installed thread_safe-0.3.6
Fetching: tzinfo-1.2.3.gem (100%)
Successfully installed tzinfo-1.2.3
Parsing documentation for thread_safe-0.3.6
Installing ri documentation for thread_safe-0.3.6
Parsing documentation for tzinfo-1.2.3
Installing ri documentation for tzinfo-1.2.3
Done installing documentation for thread_safe, tzinfo after 4 seconds
2 gems installed

D:\work\git\edroplet.github.io>jekyll serve --safe --watch
Configuration file: D:/work/git/edroplet.github.io/_config.yml
jekyll 3.4.3 | Error:  No source of timezone data could be found.
Please refer to http://tzinfo.github.io/datasourcenotfound for help resolving this error.


D:\work\git\edroplet.github.io>gem install tzinfo-data
Fetching: tzinfo-data-1.2017.2.gem (100%)
Successfully installed tzinfo-data-1.2017.2
Parsing documentation for tzinfo-data-1.2017.2
Installing ri documentation for tzinfo-data-1.2017.2
Done installing documentation for tzinfo-data after 0 seconds
1 gem installed

D:\work\git\edroplet.github.io>jekyll serve --safe --watch
Configuration file: D:/work/git/edroplet.github.io/_config.yml
Configuration file: D:/work/git/edroplet.github.io/_config.yml
jekyll 3.4.3 | Error:  The jekyll-theme-time-machine theme could not be found.

D:\work\git\edroplet.github.io>gem install jekyll-theme-time-machine
Fetching: jekyll-theme-time-machine-0.0.4.gem (100%)
Successfully installed jekyll-theme-time-machine-0.0.4
Parsing documentation for jekyll-theme-time-machine-0.0.4
Installing ri documentation for jekyll-theme-time-machine-0.0.4
Done installing documentation for jekyll-theme-time-machine after 0 seconds
1 gem installed

D:\work\git\edroplet.github.io>jekyll serve --safe --watch
Configuration file: D:/work/git/edroplet.github.io/_config.yml
Configuration file: D:/work/git/edroplet.github.io/_config.yml
            Source: D:/work/git/edroplet.github.io
       Destination: D:/work/git/edroplet.github.io/_site
 Incremental build: disabled. Enable with --incremental
      Generating...
  Conversion error: Jekyll::Converters::Scss encountered an error while converting 'assets/css/style.scss':
                    Invalid GBK character "\xE2" on line 475
jekyll 3.4.3 | Error:  Invalid GBK character "\xE2" on line 475

```

### 解决办法
* 1.在ruby的安装目录下找到engine.rb文件，目录格式如D:\Ruby23-x64\lib\ruby\gems\2.3.0\gems\sass-3.4.23\lib\sass在文件中添加一行`Encoding.default_external = Encoding.find('utf-8')`
在require语句结束处，如：
```
require 'sass/shared'
require 'sass/media'
require 'sass/supports'

Encoding.default_external = Encoding.find('utf-8')

```
* 2.在scss文件的头部加一行`@charset "utf-8"`
```
@charset "utf-8"
---
---

@import "{{ site.theme }}";
```
  
  
至此，服务正常运行：  
```
D:\work\git\edroplet.github.io>jekyll serve --safe --watch
Configuration file: D:/work/git/edroplet.github.io/_config.yml
Configuration file: D:/work/git/edroplet.github.io/_config.yml
            Source: D:/work/git/edroplet.github.io
       Destination: D:/work/git/edroplet.github.io/_site
 Incremental build: disabled. Enable with --incremental
      Generating...
                    done in 0.422 seconds.
  Please add the following to your Gemfile to avoid polling for changes:
    gem 'wdm', '>= 0.1.0' if Gem.win_platform?
 Auto-regeneration: enabled for 'D:/work/git/edroplet.github.io'
Configuration file: D:/work/git/edroplet.github.io/_config.yml
    Server address: http://0.0.0.0:4000//
  Server running... press ctrl-c to stop.

```